[19:38:13.316] [32mINFO[39m (3504): [36mServer listening at http://127.0.0.1:8080[39m
[19:38:13.317] [32mINFO[39m (3504): [36mServer listening at http://192.168.29.47:8080[39m
[19:38:13.317] [32mINFO[39m (3504): [36mServer listening at http://192.168.240.1:8080[39m
[19:38:13.317] [32mINFO[39m (3504): [36mServer running on port 8080[39m
[19:38:14.161] [32mINFO[39m (3504): [36mincoming request[39m
    reqId: "req-1"
    req: {
      "method": "GET",
      "url": "/health",
      "host": "127.0.0.1:8080",
      "remoteAddress": "127.0.0.1",
      "remotePort": 62923
    }
[19:38:14.643] [32mINFO[39m (3504): [36mrequest completed[39m
    reqId: "req-1"
    res: {
      "statusCode": 200
    }
    responseTime: 481.9186999797821
[19:38:14.829] [32mINFO[39m (3504): [36mincoming request[39m
    reqId: "req-2"
    req: {
      "method": "POST",
      "url": "/api/v1/auth/login",
      "host": "127.0.0.1:8080",
      "remoteAddress": "127.0.0.1",
      "remotePort": 62923
    }
[19:38:16.462] [32mINFO[39m (3504): [36mrequest completed[39m
    reqId: "req-2"
    res: {
      "statusCode": 200
    }
    responseTime: 1633.2031000852585
[19:38:16.603] [32mINFO[39m (3504): [36mincoming request[39m
    reqId: "req-3"
    req: {
      "method": "POST",
      "url": "/api/v1/company/logo",
      "host": "127.0.0.1:8080",
      "remoteAddress": "127.0.0.1",
      "remotePort": 62925
    }
[19:38:17.614] [32mINFO[39m (3504): [36mrequest completed[39m
    reqId: "req-3"
    res: {
      "statusCode": 200
    }
    responseTime: 1010.5181999206543
